// Jest Snapshot v1, https://goo.gl/fbAQLP

exports[`NewsRoo test suite <NewsRow/> should render with props(snapshot) 1`] = `
ShallowWrapper {
  Symbol(enzyme.__root__): [Circular],
  Symbol(enzyme.__unrendered__): <NewsRow
    index={19}
    news={
      Object {
        "_highlightResult": Object {
          "author": Object {
            "matchLevel": "none",
            "matchedWords": Array [],
            "value": "PaulHoule",
          },
          "title": Object {
            "matchLevel": "none",
            "matchedWords": Array [],
            "value": "London Stock Exchange in Merger Talks with Deutsche Börse",
          },
          "url": Object {
            "matchLevel": "none",
            "matchedWords": Array [],
            "value": "http://www.nytimes.com/2016/02/24/business/dealbook/london-stock-exchange-in-merger-talks-with-deutsche-borse.html",
          },
        },
        "_tags": Array [
          "story",
          "author_PaulHoule",
          "story_11168638",
          "front_page",
        ],
        "author": "PaulHoule",
        "comment_text": null,
        "created_at": "2016-02-24T17:50:47.000Z",
        "created_at_i": 1456336247,
        "num_comments": 0,
        "objectID": "11168638",
        "parent_id": null,
        "points": 2,
        "story_id": null,
        "story_text": null,
        "story_title": null,
        "story_url": null,
        "title": "London Stock Exchange in Merger Talks with Deutsche Börse",
        "url": "http://www.nytimes.com/2016/02/24/business/dealbook/london-stock-exchange-in-merger-talks-with-deutsche-borse.html",
      }
    }
  />,
  Symbol(enzyme.__renderer__): Object {
    "batchedUpdates": [Function],
    "getNode": [Function],
    "render": [Function],
    "simulateError": [Function],
    "simulateEvent": [Function],
    "unmount": [Function],
  },
  Symbol(enzyme.__node__): Object {
    "instance": null,
    "key": "19",
    "nodeType": "host",
    "props": Object {
      "children": Array [
        <td
          className="comments-count"
        >
          <span>
            <Link
              replace={false}
              to="/story/11168638/comments"
            >
              0
            </Link>
          </span>
        </td>,
        <td
          className="upvotes-count"
        >
          <span
            className="upvotes-count-large"
          >
            2
          </span>
          <img
            alt="upvote"
            onClick={[Function]}
            src="grayarrow.gif"
          />
        </td>,
        <td
          className="display-thing"
        >
          <span
            className="title"
          >
            <a
              href="http://www.nytimes.com/2016/02/24/business/dealbook/london-stock-exchange-in-merger-talks-with-deutsche-borse.html"
            >
              London Stock Exchange in Merger Talks with Deutsche Börse
            </a>
          </span>
          <span
            className="comhead"
          >
            (
            <a
              href="http://www.nytimes.com/2016/02/24/business/dealbook/london-stock-exchange-in-merger-talks-with-deutsche-borse.html"
            >
              nytimes.com
              )
            </a>
          </span>
          <span
            className="subtext"
          >
            <span
              className="upvotes-count-small"
            >
              2
               points |
            </span>
            by 
            <span
              className="normal-text"
            >
              PaulHoule
            </span>
            3 years ago
            0
            <span
              onClick={[Function]}
              style={
                Object {
                  "cursor": "pointer",
                }
              }
            >
              [ 
              <span
                className="normal-text"
              >
                hide
              </span>
               ]
            </span>
          </span>
        </td>,
      ],
    },
    "ref": null,
    "rendered": Array [
      Object {
        "instance": null,
        "key": undefined,
        "nodeType": "host",
        "props": Object {
          "children": <span>
            <Link
              replace={false}
              to="/story/11168638/comments"
            >
              0
            </Link>
          </span>,
          "className": "comments-count",
        },
        "ref": null,
        "rendered": Object {
          "instance": null,
          "key": undefined,
          "nodeType": "host",
          "props": Object {
            "children": <Link
              replace={false}
              to="/story/11168638/comments"
            >
              0
            </Link>,
          },
          "ref": null,
          "rendered": Object {
            "instance": null,
            "key": undefined,
            "nodeType": "class",
            "props": Object {
              "children": 0,
              "replace": false,
              "to": "/story/11168638/comments",
            },
            "ref": null,
            "rendered": 0,
            "type": [Function],
          },
          "type": "span",
        },
        "type": "td",
      },
      Object {
        "instance": null,
        "key": undefined,
        "nodeType": "host",
        "props": Object {
          "children": Array [
            <span
              className="upvotes-count-large"
            >
              2
            </span>,
            <img
              alt="upvote"
              onClick={[Function]}
              src="grayarrow.gif"
            />,
          ],
          "className": "upvotes-count",
        },
        "ref": null,
        "rendered": Array [
          Object {
            "instance": null,
            "key": undefined,
            "nodeType": "host",
            "props": Object {
              "children": 2,
              "className": "upvotes-count-large",
            },
            "ref": null,
            "rendered": 2,
            "type": "span",
          },
          Object {
            "instance": null,
            "key": undefined,
            "nodeType": "host",
            "props": Object {
              "alt": "upvote",
              "onClick": [Function],
              "src": "grayarrow.gif",
            },
            "ref": null,
            "rendered": null,
            "type": "img",
          },
        ],
        "type": "td",
      },
      Object {
        "instance": null,
        "key": undefined,
        "nodeType": "host",
        "props": Object {
          "children": Array [
            <span
              className="title"
            >
              <a
                href="http://www.nytimes.com/2016/02/24/business/dealbook/london-stock-exchange-in-merger-talks-with-deutsche-borse.html"
              >
                London Stock Exchange in Merger Talks with Deutsche Börse
              </a>
            </span>,
            <span
              className="comhead"
            >
              (
              <a
                href="http://www.nytimes.com/2016/02/24/business/dealbook/london-stock-exchange-in-merger-talks-with-deutsche-borse.html"
              >
                nytimes.com
                )
              </a>
            </span>,
            <span
              className="subtext"
            >
              <span
                className="upvotes-count-small"
              >
                2
                 points |
              </span>
              by 
              <span
                className="normal-text"
              >
                PaulHoule
              </span>
              3 years ago
              0
              <span
                onClick={[Function]}
                style={
                  Object {
                    "cursor": "pointer",
                  }
                }
              >
                [ 
                <span
                  className="normal-text"
                >
                  hide
                </span>
                 ]
              </span>
            </span>,
          ],
          "className": "display-thing",
        },
        "ref": null,
        "rendered": Array [
          Object {
            "instance": null,
            "key": undefined,
            "nodeType": "host",
            "props": Object {
              "children": <a
                href="http://www.nytimes.com/2016/02/24/business/dealbook/london-stock-exchange-in-merger-talks-with-deutsche-borse.html"
              >
                London Stock Exchange in Merger Talks with Deutsche Börse
              </a>,
              "className": "title",
            },
            "ref": null,
            "rendered": Object {
              "instance": null,
              "key": undefined,
              "nodeType": "host",
              "props": Object {
                "children": "London Stock Exchange in Merger Talks with Deutsche Börse",
                "href": "http://www.nytimes.com/2016/02/24/business/dealbook/london-stock-exchange-in-merger-talks-with-deutsche-borse.html",
              },
              "ref": null,
              "rendered": "London Stock Exchange in Merger Talks with Deutsche Börse",
              "type": "a",
            },
            "type": "span",
          },
          Object {
            "instance": null,
            "key": undefined,
            "nodeType": "host",
            "props": Object {
              "children": Array [
                "(",
                <a
                  href="http://www.nytimes.com/2016/02/24/business/dealbook/london-stock-exchange-in-merger-talks-with-deutsche-borse.html"
                >
                  nytimes.com
                  )
                </a>,
              ],
              "className": "comhead",
            },
            "ref": null,
            "rendered": Array [
              "(",
              Object {
                "instance": null,
                "key": undefined,
                "nodeType": "host",
                "props": Object {
                  "children": Array [
                    "nytimes.com",
                    ")",
                  ],
                  "href": "http://www.nytimes.com/2016/02/24/business/dealbook/london-stock-exchange-in-merger-talks-with-deutsche-borse.html",
                },
                "ref": null,
                "rendered": Array [
                  "nytimes.com",
                  ")",
                ],
                "type": "a",
              },
            ],
            "type": "span",
          },
          Object {
            "instance": null,
            "key": undefined,
            "nodeType": "host",
            "props": Object {
              "children": Array [
                <span
                  className="upvotes-count-small"
                >
                  2
                   points |
                </span>,
                "by ",
                <span
                  className="normal-text"
                >
                  PaulHoule
                </span>,
                "3 years ago",
                0,
                <span
                  onClick={[Function]}
                  style={
                    Object {
                      "cursor": "pointer",
                    }
                  }
                >
                  [ 
                  <span
                    className="normal-text"
                  >
                    hide
                  </span>
                   ]
                </span>,
              ],
              "className": "subtext",
            },
            "ref": null,
            "rendered": Array [
              Object {
                "instance": null,
                "key": undefined,
                "nodeType": "host",
                "props": Object {
                  "children": Array [
                    2,
                    " points |",
                  ],
                  "className": "upvotes-count-small",
                },
                "ref": null,
                "rendered": Array [
                  2,
                  " points |",
                ],
                "type": "span",
              },
              "by ",
              Object {
                "instance": null,
                "key": undefined,
                "nodeType": "host",
                "props": Object {
                  "children": "PaulHoule",
                  "className": "normal-text",
                },
                "ref": null,
                "rendered": "PaulHoule",
                "type": "span",
              },
              "3 years ago",
              0,
              Object {
                "instance": null,
                "key": undefined,
                "nodeType": "host",
                "props": Object {
                  "children": Array [
                    "[ ",
                    <span
                      className="normal-text"
                    >
                      hide
                    </span>,
                    " ]",
                  ],
                  "onClick": [Function],
                  "style": Object {
                    "cursor": "pointer",
                  },
                },
                "ref": null,
                "rendered": Array [
                  "[ ",
                  Object {
                    "instance": null,
                    "key": undefined,
                    "nodeType": "host",
                    "props": Object {
                      "children": "hide",
                      "className": "normal-text",
                    },
                    "ref": null,
                    "rendered": "hide",
                    "type": "span",
                  },
                  " ]",
                ],
                "type": "span",
              },
            ],
            "type": "span",
          },
        ],
        "type": "td",
      },
    ],
    "type": "tr",
  },
  Symbol(enzyme.__nodes__): Array [
    Object {
      "instance": null,
      "key": "19",
      "nodeType": "host",
      "props": Object {
        "children": Array [
          <td
            className="comments-count"
          >
            <span>
              <Link
                replace={false}
                to="/story/11168638/comments"
              >
                0
              </Link>
            </span>
          </td>,
          <td
            className="upvotes-count"
          >
            <span
              className="upvotes-count-large"
            >
              2
            </span>
            <img
              alt="upvote"
              onClick={[Function]}
              src="grayarrow.gif"
            />
          </td>,
          <td
            className="display-thing"
          >
            <span
              className="title"
            >
              <a
                href="http://www.nytimes.com/2016/02/24/business/dealbook/london-stock-exchange-in-merger-talks-with-deutsche-borse.html"
              >
                London Stock Exchange in Merger Talks with Deutsche Börse
              </a>
            </span>
            <span
              className="comhead"
            >
              (
              <a
                href="http://www.nytimes.com/2016/02/24/business/dealbook/london-stock-exchange-in-merger-talks-with-deutsche-borse.html"
              >
                nytimes.com
                )
              </a>
            </span>
            <span
              className="subtext"
            >
              <span
                className="upvotes-count-small"
              >
                2
                 points |
              </span>
              by 
              <span
                className="normal-text"
              >
                PaulHoule
              </span>
              3 years ago
              0
              <span
                onClick={[Function]}
                style={
                  Object {
                    "cursor": "pointer",
                  }
                }
              >
                [ 
                <span
                  className="normal-text"
                >
                  hide
                </span>
                 ]
              </span>
            </span>
          </td>,
        ],
      },
      "ref": null,
      "rendered": Array [
        Object {
          "instance": null,
          "key": undefined,
          "nodeType": "host",
          "props": Object {
            "children": <span>
              <Link
                replace={false}
                to="/story/11168638/comments"
              >
                0
              </Link>
            </span>,
            "className": "comments-count",
          },
          "ref": null,
          "rendered": Object {
            "instance": null,
            "key": undefined,
            "nodeType": "host",
            "props": Object {
              "children": <Link
                replace={false}
                to="/story/11168638/comments"
              >
                0
              </Link>,
            },
            "ref": null,
            "rendered": Object {
              "instance": null,
              "key": undefined,
              "nodeType": "class",
              "props": Object {
                "children": 0,
                "replace": false,
                "to": "/story/11168638/comments",
              },
              "ref": null,
              "rendered": 0,
              "type": [Function],
            },
            "type": "span",
          },
          "type": "td",
        },
        Object {
          "instance": null,
          "key": undefined,
          "nodeType": "host",
          "props": Object {
            "children": Array [
              <span
                className="upvotes-count-large"
              >
                2
              </span>,
              <img
                alt="upvote"
                onClick={[Function]}
                src="grayarrow.gif"
              />,
            ],
            "className": "upvotes-count",
          },
          "ref": null,
          "rendered": Array [
            Object {
              "instance": null,
              "key": undefined,
              "nodeType": "host",
              "props": Object {
                "children": 2,
                "className": "upvotes-count-large",
              },
              "ref": null,
              "rendered": 2,
              "type": "span",
            },
            Object {
              "instance": null,
              "key": undefined,
              "nodeType": "host",
              "props": Object {
                "alt": "upvote",
                "onClick": [Function],
                "src": "grayarrow.gif",
              },
              "ref": null,
              "rendered": null,
              "type": "img",
            },
          ],
          "type": "td",
        },
        Object {
          "instance": null,
          "key": undefined,
          "nodeType": "host",
          "props": Object {
            "children": Array [
              <span
                className="title"
              >
                <a
                  href="http://www.nytimes.com/2016/02/24/business/dealbook/london-stock-exchange-in-merger-talks-with-deutsche-borse.html"
                >
                  London Stock Exchange in Merger Talks with Deutsche Börse
                </a>
              </span>,
              <span
                className="comhead"
              >
                (
                <a
                  href="http://www.nytimes.com/2016/02/24/business/dealbook/london-stock-exchange-in-merger-talks-with-deutsche-borse.html"
                >
                  nytimes.com
                  )
                </a>
              </span>,
              <span
                className="subtext"
              >
                <span
                  className="upvotes-count-small"
                >
                  2
                   points |
                </span>
                by 
                <span
                  className="normal-text"
                >
                  PaulHoule
                </span>
                3 years ago
                0
                <span
                  onClick={[Function]}
                  style={
                    Object {
                      "cursor": "pointer",
                    }
                  }
                >
                  [ 
                  <span
                    className="normal-text"
                  >
                    hide
                  </span>
                   ]
                </span>
              </span>,
            ],
            "className": "display-thing",
          },
          "ref": null,
          "rendered": Array [
            Object {
              "instance": null,
              "key": undefined,
              "nodeType": "host",
              "props": Object {
                "children": <a
                  href="http://www.nytimes.com/2016/02/24/business/dealbook/london-stock-exchange-in-merger-talks-with-deutsche-borse.html"
                >
                  London Stock Exchange in Merger Talks with Deutsche Börse
                </a>,
                "className": "title",
              },
              "ref": null,
              "rendered": Object {
                "instance": null,
                "key": undefined,
                "nodeType": "host",
                "props": Object {
                  "children": "London Stock Exchange in Merger Talks with Deutsche Börse",
                  "href": "http://www.nytimes.com/2016/02/24/business/dealbook/london-stock-exchange-in-merger-talks-with-deutsche-borse.html",
                },
                "ref": null,
                "rendered": "London Stock Exchange in Merger Talks with Deutsche Börse",
                "type": "a",
              },
              "type": "span",
            },
            Object {
              "instance": null,
              "key": undefined,
              "nodeType": "host",
              "props": Object {
                "children": Array [
                  "(",
                  <a
                    href="http://www.nytimes.com/2016/02/24/business/dealbook/london-stock-exchange-in-merger-talks-with-deutsche-borse.html"
                  >
                    nytimes.com
                    )
                  </a>,
                ],
                "className": "comhead",
              },
              "ref": null,
              "rendered": Array [
                "(",
                Object {
                  "instance": null,
                  "key": undefined,
                  "nodeType": "host",
                  "props": Object {
                    "children": Array [
                      "nytimes.com",
                      ")",
                    ],
                    "href": "http://www.nytimes.com/2016/02/24/business/dealbook/london-stock-exchange-in-merger-talks-with-deutsche-borse.html",
                  },
                  "ref": null,
                  "rendered": Array [
                    "nytimes.com",
                    ")",
                  ],
                  "type": "a",
                },
              ],
              "type": "span",
            },
            Object {
              "instance": null,
              "key": undefined,
              "nodeType": "host",
              "props": Object {
                "children": Array [
                  <span
                    className="upvotes-count-small"
                  >
                    2
                     points |
                  </span>,
                  "by ",
                  <span
                    className="normal-text"
                  >
                    PaulHoule
                  </span>,
                  "3 years ago",
                  0,
                  <span
                    onClick={[Function]}
                    style={
                      Object {
                        "cursor": "pointer",
                      }
                    }
                  >
                    [ 
                    <span
                      className="normal-text"
                    >
                      hide
                    </span>
                     ]
                  </span>,
                ],
                "className": "subtext",
              },
              "ref": null,
              "rendered": Array [
                Object {
                  "instance": null,
                  "key": undefined,
                  "nodeType": "host",
                  "props": Object {
                    "children": Array [
                      2,
                      " points |",
                    ],
                    "className": "upvotes-count-small",
                  },
                  "ref": null,
                  "rendered": Array [
                    2,
                    " points |",
                  ],
                  "type": "span",
                },
                "by ",
                Object {
                  "instance": null,
                  "key": undefined,
                  "nodeType": "host",
                  "props": Object {
                    "children": "PaulHoule",
                    "className": "normal-text",
                  },
                  "ref": null,
                  "rendered": "PaulHoule",
                  "type": "span",
                },
                "3 years ago",
                0,
                Object {
                  "instance": null,
                  "key": undefined,
                  "nodeType": "host",
                  "props": Object {
                    "children": Array [
                      "[ ",
                      <span
                        className="normal-text"
                      >
                        hide
                      </span>,
                      " ]",
                    ],
                    "onClick": [Function],
                    "style": Object {
                      "cursor": "pointer",
                    },
                  },
                  "ref": null,
                  "rendered": Array [
                    "[ ",
                    Object {
                      "instance": null,
                      "key": undefined,
                      "nodeType": "host",
                      "props": Object {
                        "children": "hide",
                        "className": "normal-text",
                      },
                      "ref": null,
                      "rendered": "hide",
                      "type": "span",
                    },
                    " ]",
                  ],
                  "type": "span",
                },
              ],
              "type": "span",
            },
          ],
          "type": "td",
        },
      ],
      "type": "tr",
    },
  ],
  Symbol(enzyme.__options__): Object {
    "adapter": ReactSixteenAdapter {
      "options": Object {
        "enableComponentDidUpdateOnSetState": true,
        "lifecycles": Object {
          "componentDidUpdate": Object {
            "onSetState": true,
          },
          "getDerivedStateFromProps": true,
          "getSnapshotBeforeUpdate": true,
          "setState": Object {
            "skipsComponentDidUpdateOnNullish": true,
          },
        },
      },
    },
  },
}
`;
